Component: ARM Compiler 5.06 update 6 (build 750) Tool: armlink [4d35ed]

==============================================================================

Section Cross References

    main.o(i.init) refers to 1_wire.o(i.init_gpio) for init_gpio
    main.o(i.init) refers to time.o(i.init_sys_tick) for init_sys_tick
    main.o(i.init) refers to lcd.o(i.init_lcd) for init_lcd
    main.o(i.main) refers to main.o(i.init) for init
    main.o(i.main) refers to lcd.o(i.fill_bg) for fill_bg
    main.o(i.main) refers to 1_wire.o(i.read_temp) for read_temp
    main.o(i.main) refers to time.o(i.sleep_ms) for sleep_ms
    main.o(i.main) refers to lcd.o(i.print_temp) for print_temp
    open1768_lcd.o(i.lcdRead) refers to open1768_lcd.o(i.wait_delay) for wait_delay
    open1768_lcd.o(i.lcdReadData) refers to open1768_lcd.o(i.wait_delay) for wait_delay
    open1768_lcd.o(i.lcdReadData) refers to open1768_lcd.o(i.lcdRead) for lcdRead
    open1768_lcd.o(i.lcdReadReg) refers to open1768_lcd.o(i.lcdWriteIndex) for lcdWriteIndex
    open1768_lcd.o(i.lcdReadReg) refers to open1768_lcd.o(i.lcdReadData) for lcdReadData
    open1768_lcd.o(i.lcdSetCursor) refers to open1768_lcd.o(i.lcdWriteReg) for lcdWriteReg
    open1768_lcd.o(i.lcdWriteData) refers to open1768_lcd.o(i.lcdSend) for lcdSend
    open1768_lcd.o(i.lcdWriteData) refers to open1768_lcd.o(i.wait_delay) for wait_delay
    open1768_lcd.o(i.lcdWriteIndex) refers to open1768_lcd.o(i.lcdSend) for lcdSend
    open1768_lcd.o(i.lcdWriteIndex) refers to open1768_lcd.o(i.wait_delay) for wait_delay
    open1768_lcd.o(i.lcdWriteReg) refers to open1768_lcd.o(i.lcdWriteIndex) for lcdWriteIndex
    open1768_lcd.o(i.lcdWriteReg) refers to open1768_lcd.o(i.lcdWriteData) for lcdWriteData
    lcd_ili9325.o(i.init_ILI9325) refers to open1768_lcd.o(i.lcdWriteReg) for lcdWriteReg
    lcd_ili9325.o(i.init_ILI9325) refers to lcd_ili9325.o(i.delay_ms) for delay_ms
    asciilib.o(i.GetASCIICode) refers to rt_memcpy_v6.o(.text) for __aeabi_memcpy
    asciilib.o(i.GetASCIICode) refers to asciilib.o(.constdata) for AsciiLib
    tp_open1768.o(i.touchpanelGetXY) refers to tp_open1768.o(i.touchpanelReadX) for touchpanelReadX
    tp_open1768.o(i.touchpanelGetXY) refers to tp_open1768.o(i.touchpanelDelayUS) for touchpanelDelayUS
    tp_open1768.o(i.touchpanelGetXY) refers to tp_open1768.o(i.touchpanelReadY) for touchpanelReadY
    tp_open1768.o(i.touchpanelInit) refers to tp_open1768.o(i.touchpanelDriverDataBusInit) for touchpanelDriverDataBusInit
    tp_open1768.o(i.touchpanelReadAddress) refers to tp_open1768.o(i.touchpanelWriteCmd) for touchpanelWriteCmd
    tp_open1768.o(i.touchpanelReadAddress) refers to tp_open1768.o(i.touchpanelDelayUS) for touchpanelDelayUS
    tp_open1768.o(i.touchpanelReadX) refers to tp_open1768.o(i.touchpanelDelayUS) for touchpanelDelayUS
    tp_open1768.o(i.touchpanelReadX) refers to tp_open1768.o(i.touchpanelWriteCmd) for touchpanelWriteCmd
    tp_open1768.o(i.touchpanelReadX) refers to tp_open1768.o(i.touchpanelReadAddress) for touchpanelReadAddress
    tp_open1768.o(i.touchpanelReadY) refers to tp_open1768.o(i.touchpanelDelayUS) for touchpanelDelayUS
    tp_open1768.o(i.touchpanelReadY) refers to tp_open1768.o(i.touchpanelWriteCmd) for touchpanelWriteCmd
    tp_open1768.o(i.touchpanelReadY) refers to tp_open1768.o(i.touchpanelReadAddress) for touchpanelReadAddress
    lcd.o(i.fill_bg) refers to open1768_lcd.o(i.lcdSetCursor) for lcdSetCursor
    lcd.o(i.fill_bg) refers to open1768_lcd.o(i.lcdWriteReg) for lcdWriteReg
    lcd.o(i.init_lcd) refers to open1768_lcd.o(i.lcdConfiguration) for lcdConfiguration
    lcd.o(i.init_lcd) refers to lcd_ili9325.o(i.init_ILI9325) for init_ILI9325
    lcd.o(i.print_char) refers to asciilib.o(i.GetASCIICode) for GetASCIICode
    lcd.o(i.print_char) refers to open1768_lcd.o(i.lcdSetCursor) for lcdSetCursor
    lcd.o(i.print_char) refers to open1768_lcd.o(i.lcdWriteReg) for lcdWriteReg
    lcd.o(i.print_str) refers to lcd.o(i.print_char) for print_char
    lcd.o(i.print_str) refers to lcd.o(.data) for padding
    lcd.o(i.print_temp) refers to _printf_percent.o(.ARM.Collect$$_printf_percent$$00000000) for _printf_percent
    lcd.o(i.print_temp) refers to _printf_d.o(.ARM.Collect$$_printf_percent$$00000009) for _printf_d
    lcd.o(i.print_temp) refers to _printf_c.o(.ARM.Collect$$_printf_percent$$00000013) for _printf_c
    lcd.o(i.print_temp) refers to _printf_dec.o(.text) for _printf_int_dec
    lcd.o(i.print_temp) refers to _printf_str.o(.text) for _printf_str
    lcd.o(i.print_temp) refers to lcd.o(i.convert_temp_float) for convert_temp_float
    lcd.o(i.print_temp) refers to lcd.o(i.convert_temp_dec) for convert_temp_dec
    lcd.o(i.print_temp) refers to lcd.o(i.get_sign) for get_sign
    lcd.o(i.print_temp) refers to noretval__2sprintf.o(.text) for __2sprintf
    lcd.o(i.print_temp) refers to open1768_lcd.o(i.lcdSetCursor) for lcdSetCursor
    lcd.o(i.print_temp) refers to open1768_lcd.o(i.lcdWriteReg) for lcdWriteReg
    lcd.o(i.print_temp) refers to lcd.o(i.print_str) for print_str
    1_wire.o(i.convert_t) refers to 1_wire.o(i.send0) for send0
    1_wire.o(i.convert_t) refers to 1_wire.o(i.send1) for send1
    1_wire.o(i.presence) refers to time.o(i.sleep_us) for sleep_us
    1_wire.o(i.read_bit) refers to time.o(i.sleep_us) for sleep_us
    1_wire.o(i.read_scratchpad) refers to 1_wire.o(i.send0) for send0
    1_wire.o(i.read_scratchpad) refers to 1_wire.o(i.send1) for send1
    1_wire.o(i.read_temp) refers to 1_wire.o(i.reset) for reset
    1_wire.o(i.read_temp) refers to 1_wire.o(i.presence) for presence
    1_wire.o(i.read_temp) refers to 1_wire.o(i.skip_rom) for skip_rom
    1_wire.o(i.read_temp) refers to time.o(i.sleep_us) for sleep_us
    1_wire.o(i.read_temp) refers to 1_wire.o(i.convert_t) for convert_t
    1_wire.o(i.read_temp) refers to time.o(i.sleep_ms) for sleep_ms
    1_wire.o(i.read_temp) refers to 1_wire.o(i.read_scratchpad) for read_scratchpad
    1_wire.o(i.read_temp) refers to 1_wire.o(i.read_bit) for read_bit
    1_wire.o(i.reset) refers to time.o(i.sleep_us) for sleep_us
    1_wire.o(i.send0) refers to time.o(i.sleep_us) for sleep_us
    1_wire.o(i.send1) refers to time.o(i.sleep_us) for sleep_us
    1_wire.o(i.skip_rom) refers to 1_wire.o(i.send0) for send0
    1_wire.o(i.skip_rom) refers to 1_wire.o(i.send1) for send1
    time.o(i.SysTick_Handler) refers to time.o(.data) for msTicks
    time.o(i.init_sys_tick) refers to system_lpc17xx.o(.data) for SystemCoreClock
    time.o(i.sleep_ms) refers to time.o(i.sleep_us) for sleep_us
    time.o(i.sleep_us) refers to time.o(.data) for msTicks
    joystick_open1768.o(i.Joystick_GetState) refers to gpio_lpc17xx.o(i.GPIO_PinRead) for GPIO_PinRead
    joystick_open1768.o(i.Joystick_GetState) refers to joystick_open1768.o(.constdata) for JOYSTICK_PIN
    joystick_open1768.o(i.Joystick_Initialize) refers to gpio_lpc17xx.o(i.GPIO_PortClock) for GPIO_PortClock
    joystick_open1768.o(i.Joystick_Initialize) refers to pin_lpc17xx.o(i.PIN_Configure) for PIN_Configure
    joystick_open1768.o(i.Joystick_Initialize) refers to gpio_lpc17xx.o(i.GPIO_SetDir) for GPIO_SetDir
    joystick_open1768.o(i.Joystick_Initialize) refers to joystick_open1768.o(.constdata) for JOYSTICK_PIN
    joystick_open1768.o(i.Joystick_Uninitialize) refers to pin_lpc17xx.o(i.PIN_Configure) for PIN_Configure
    joystick_open1768.o(i.Joystick_Uninitialize) refers to joystick_open1768.o(.constdata) for JOYSTICK_PIN
    led_open1768.o(i.LED_Initialize) refers to gpio_lpc17xx.o(i.GPIO_PortClock) for GPIO_PortClock
    led_open1768.o(i.LED_Initialize) refers to pin_lpc17xx.o(i.PIN_Configure) for PIN_Configure
    led_open1768.o(i.LED_Initialize) refers to gpio_lpc17xx.o(i.GPIO_SetDir) for GPIO_SetDir
    led_open1768.o(i.LED_Initialize) refers to gpio_lpc17xx.o(i.GPIO_PinWrite) for GPIO_PinWrite
    led_open1768.o(i.LED_Initialize) refers to led_open1768.o(.constdata) for LED_PIN
    led_open1768.o(i.LED_Off) refers to gpio_lpc17xx.o(i.GPIO_PinWrite) for GPIO_PinWrite
    led_open1768.o(i.LED_Off) refers to led_open1768.o(.constdata) for LED_PIN
    led_open1768.o(i.LED_On) refers to gpio_lpc17xx.o(i.GPIO_PinWrite) for GPIO_PinWrite
    led_open1768.o(i.LED_On) refers to led_open1768.o(.constdata) for LED_PIN
    led_open1768.o(i.LED_SetOut) refers to led_open1768.o(i.LED_On) for LED_On
    led_open1768.o(i.LED_SetOut) refers to led_open1768.o(i.LED_Off) for LED_Off
    led_open1768.o(i.LED_Uninitialize) refers to pin_lpc17xx.o(i.PIN_Configure) for PIN_Configure
    led_open1768.o(i.LED_Uninitialize) refers to led_open1768.o(.constdata) for LED_PIN
    startup_lpc17xx.o(STACK) refers (Special) to heapauxi.o(.text) for __use_two_region_memory
    startup_lpc17xx.o(HEAP) refers (Special) to heapauxi.o(.text) for __use_two_region_memory
    startup_lpc17xx.o(RESET) refers (Special) to heapauxi.o(.text) for __use_two_region_memory
    startup_lpc17xx.o(RESET) refers to startup_lpc17xx.o(STACK) for __initial_sp
    startup_lpc17xx.o(RESET) refers to startup_lpc17xx.o(.text) for Reset_Handler
    startup_lpc17xx.o(RESET) refers to time.o(i.SysTick_Handler) for SysTick_Handler
    startup_lpc17xx.o(.ARM.__at_0x02FC) refers (Special) to heapauxi.o(.text) for __use_two_region_memory
    startup_lpc17xx.o(.text) refers (Special) to heapauxi.o(.text) for __use_two_region_memory
    startup_lpc17xx.o(.text) refers to system_lpc17xx.o(i.SystemInit) for SystemInit
    startup_lpc17xx.o(.text) refers to __main.o(!!!main) for __main
    startup_lpc17xx.o(.text) refers to startup_lpc17xx.o(HEAP) for Heap_Mem
    startup_lpc17xx.o(.text) refers to startup_lpc17xx.o(STACK) for Stack_Mem
    system_lpc17xx.o(i.SystemCoreClockUpdate) refers to lludivv7m.o(.text) for __aeabi_uldivmod
    system_lpc17xx.o(i.SystemCoreClockUpdate) refers to system_lpc17xx.o(.data) for SystemCoreClock
    __2sprintf.o(.text) refers to _printf_char_common.o(.text) for _printf_char_common
    __2sprintf.o(.text) refers to _sputc.o(.text) for _sputc
    noretval__2sprintf.o(.text) refers to _printf_char_common.o(.text) for _printf_char_common
    noretval__2sprintf.o(.text) refers to _sputc.o(.text) for _sputc
    __printf.o(.text) refers to _printf_percent.o(.ARM.Collect$$_printf_percent$$00000000) for _printf_percent
    _printf_str.o(.text) refers (Special) to _printf_char.o(.text) for _printf_cs_common
    _printf_dec.o(.text) refers to _printf_intcommon.o(.text) for _printf_int_common
    __printf_flags.o(.text) refers to _printf_percent.o(.ARM.Collect$$_printf_percent$$00000000) for _printf_percent
    __printf_flags.o(.text) refers to __printf_flags.o(.constdata) for .constdata
    __printf_ss.o(.text) refers to _printf_percent.o(.ARM.Collect$$_printf_percent$$00000000) for _printf_percent
    __printf_flags_ss.o(.text) refers to _printf_percent.o(.ARM.Collect$$_printf_percent$$00000000) for _printf_percent
    __printf_flags_ss.o(.text) refers to __printf_flags_ss.o(.constdata) for .constdata
    __printf_wp.o(.text) refers to __printf_wp.o(i._is_digit) for _is_digit
    __printf_wp.o(.text) refers to _printf_percent.o(.ARM.Collect$$_printf_percent$$00000000) for _printf_percent
    __printf_flags_wp.o(.text) refers to __printf_wp.o(i._is_digit) for _is_digit
    __printf_flags_wp.o(.text) refers to _printf_percent.o(.ARM.Collect$$_printf_percent$$00000000) for _printf_percent
    __printf_flags_wp.o(.text) refers to __printf_flags_wp.o(.constdata) for .constdata
    __printf_ss_wp.o(.text) refers to __printf_wp.o(i._is_digit) for _is_digit
    __printf_ss_wp.o(.text) refers to _printf_percent.o(.ARM.Collect$$_printf_percent$$00000000) for _printf_percent
    __printf_flags_ss_wp.o(.text) refers to __printf_wp.o(i._is_digit) for _is_digit
    __printf_flags_ss_wp.o(.text) refers to _printf_percent.o(.ARM.Collect$$_printf_percent$$00000000) for _printf_percent
    __printf_flags_ss_wp.o(.text) refers to __printf_flags_ss_wp.o(.constdata) for .constdata
    _printf_c.o(.ARM.Collect$$_printf_percent$$00000013) refers (Weak) to _printf_char.o(.text) for _printf_char
    _printf_d.o(.ARM.Collect$$_printf_percent$$00000009) refers (Weak) to _printf_dec.o(.text) for _printf_int_dec
    _printf_percent.o(.ARM.Collect$$_printf_percent$$00000000) refers (Special) to _printf_percent_end.o(.ARM.Collect$$_printf_percent$$00000017) for _printf_percent_end
    rt_memcpy_v6.o(.text) refers to rt_memcpy_w.o(.text) for __aeabi_memcpy4
    __main.o(!!!main) refers to __rtentry.o(.ARM.Collect$$rtentry$$00000000) for __rt_entry
    __rtentry.o(.ARM.Collect$$rtentry$$00000000) refers (Special) to __rtentry2.o(.ARM.Collect$$rtentry$$0000000A) for __rt_entry_li
    __rtentry.o(.ARM.Collect$$rtentry$$00000000) refers (Special) to __rtentry2.o(.ARM.Collect$$rtentry$$0000000D) for __rt_entry_main
    __rtentry.o(.ARM.Collect$$rtentry$$00000000) refers (Special) to __rtentry2.o(.ARM.Collect$$rtentry$$0000000C) for __rt_entry_postli_1
    __rtentry.o(.ARM.Collect$$rtentry$$00000000) refers (Special) to __rtentry2.o(.ARM.Collect$$rtentry$$00000009) for __rt_entry_postsh_1
    __rtentry.o(.ARM.Collect$$rtentry$$00000000) refers (Special) to __rtentry2.o(.ARM.Collect$$rtentry$$00000002) for __rt_entry_presh_1
    __rtentry.o(.ARM.Collect$$rtentry$$00000000) refers (Special) to __rtentry4.o(.ARM.Collect$$rtentry$$00000004) for __rt_entry_sh
    aeabi_ldiv0_sigfpe.o(.text) refers to rt_div0.o(.text) for __rt_div0
    _printf_char_common.o(.text) refers to __printf.o(.text) for __printf
    _printf_char.o(.text) refers (Weak) to _printf_str.o(.text) for _printf_str
    __rtentry2.o(.ARM.Collect$$rtentry$$00000008) refers to boardinit2.o(.text) for _platform_post_stackheap_init
    __rtentry2.o(.ARM.Collect$$rtentry$$0000000A) refers to libinit.o(.ARM.Collect$$libinit$$00000000) for __rt_lib_init
    __rtentry2.o(.ARM.Collect$$rtentry$$0000000B) refers to boardinit3.o(.text) for _platform_post_lib_init
    __rtentry2.o(.ARM.Collect$$rtentry$$0000000D) refers to main.o(i.main) for main
    __rtentry2.o(.ARM.Collect$$rtentry$$0000000D) refers to exit.o(.text) for exit
    __rtentry2.o(.ARM.exidx) refers to __rtentry2.o(.ARM.Collect$$rtentry$$00000001) for .ARM.Collect$$rtentry$$00000001
    __rtentry2.o(.ARM.exidx) refers to __rtentry2.o(.ARM.Collect$$rtentry$$00000008) for .ARM.Collect$$rtentry$$00000008
    __rtentry2.o(.ARM.exidx) refers to __rtentry2.o(.ARM.Collect$$rtentry$$0000000A) for .ARM.Collect$$rtentry$$0000000A
    __rtentry2.o(.ARM.exidx) refers to __rtentry2.o(.ARM.Collect$$rtentry$$0000000B) for .ARM.Collect$$rtentry$$0000000B
    __rtentry2.o(.ARM.exidx) refers to __rtentry2.o(.ARM.Collect$$rtentry$$0000000D) for .ARM.Collect$$rtentry$$0000000D
    __rtentry4.o(.ARM.Collect$$rtentry$$00000004) refers to sys_stackheap_outer.o(.text) for __user_setup_stackheap
    __rtentry4.o(.ARM.exidx) refers to __rtentry4.o(.ARM.Collect$$rtentry$$00000004) for .ARM.Collect$$rtentry$$00000004
    rt_div0.o(.text) refers to defsig_fpe_outer.o(.text) for __rt_SIGFPE
    sys_stackheap_outer.o(.text) refers to libspace.o(.text) for __user_perproc_libspace
    sys_stackheap_outer.o(.text) refers to startup_lpc17xx.o(.text) for __user_initial_stackheap
    exit.o(.text) refers to rtexit.o(.ARM.Collect$$rtexit$$00000000) for __rt_exit
    defsig_fpe_outer.o(.text) refers to defsig_fpe_inner.o(.text) for __rt_SIGFPE_inner
    defsig_fpe_outer.o(.text) refers to defsig_exit.o(.text) for __sig_exit
    defsig_fpe_formal.o(.text) refers to rt_raise.o(.text) for __rt_raise
    libinit.o(.ARM.Collect$$libinit$$00000000) refers (Special) to libinit2.o(.ARM.Collect$$libinit$$0000002E) for __rt_lib_init_alloca_1
    libinit.o(.ARM.Collect$$libinit$$00000000) refers (Special) to libinit2.o(.ARM.Collect$$libinit$$0000002C) for __rt_lib_init_argv_1
    libinit.o(.ARM.Collect$$libinit$$00000000) refers (Special) to libinit2.o(.ARM.Collect$$libinit$$0000001B) for __rt_lib_init_atexit_1
    libinit.o(.ARM.Collect$$libinit$$00000000) refers (Special) to libinit2.o(.ARM.Collect$$libinit$$00000021) for __rt_lib_init_clock_1
    libinit.o(.ARM.Collect$$libinit$$00000000) refers (Special) to libinit2.o(.ARM.Collect$$libinit$$00000032) for __rt_lib_init_cpp_1
    libinit.o(.ARM.Collect$$libinit$$00000000) refers (Special) to libinit2.o(.ARM.Collect$$libinit$$00000030) for __rt_lib_init_exceptions_1
    libinit.o(.ARM.Collect$$libinit$$00000000) refers (Special) to libinit2.o(.ARM.Collect$$libinit$$00000002) for __rt_lib_init_fp_1
    libinit.o(.ARM.Collect$$libinit$$00000000) refers (Special) to libinit2.o(.ARM.Collect$$libinit$$0000001F) for __rt_lib_init_fp_trap_1
    libinit.o(.ARM.Collect$$libinit$$00000000) refers (Special) to libinit2.o(.ARM.Collect$$libinit$$00000023) for __rt_lib_init_getenv_1
    libinit.o(.ARM.Collect$$libinit$$00000000) refers (Special) to libinit2.o(.ARM.Collect$$libinit$$0000000A) for __rt_lib_init_heap_1
    libinit.o(.ARM.Collect$$libinit$$00000000) refers (Special) to libinit2.o(.ARM.Collect$$libinit$$00000011) for __rt_lib_init_lc_collate_1
    libinit.o(.ARM.Collect$$libinit$$00000000) refers (Special) to libinit2.o(.ARM.Collect$$libinit$$00000013) for __rt_lib_init_lc_ctype_1
    libinit.o(.ARM.Collect$$libinit$$00000000) refers (Special) to libinit2.o(.ARM.Collect$$libinit$$00000015) for __rt_lib_init_lc_monetary_1
    libinit.o(.ARM.Collect$$libinit$$00000000) refers (Special) to libinit2.o(.ARM.Collect$$libinit$$00000017) for __rt_lib_init_lc_numeric_1
    libinit.o(.ARM.Collect$$libinit$$00000000) refers (Special) to libinit2.o(.ARM.Collect$$libinit$$00000019) for __rt_lib_init_lc_time_1
    libinit.o(.ARM.Collect$$libinit$$00000000) refers (Special) to libinit2.o(.ARM.Collect$$libinit$$00000004) for __rt_lib_init_preinit_1
    libinit.o(.ARM.Collect$$libinit$$00000000) refers (Special) to libinit2.o(.ARM.Collect$$libinit$$0000000E) for __rt_lib_init_rand_1
    libinit.o(.ARM.Collect$$libinit$$00000000) refers (Special) to libinit2.o(.ARM.Collect$$libinit$$00000033) for __rt_lib_init_return
    libinit.o(.ARM.Collect$$libinit$$00000000) refers (Special) to libinit2.o(.ARM.Collect$$libinit$$0000001D) for __rt_lib_init_signal_1
    libinit.o(.ARM.Collect$$libinit$$00000000) refers (Special) to libinit2.o(.ARM.Collect$$libinit$$00000025) for __rt_lib_init_stdio_1
    libinit.o(.ARM.Collect$$libinit$$00000000) refers (Special) to libinit2.o(.ARM.Collect$$libinit$$0000000C) for __rt_lib_init_user_alloc_1
    libspace.o(.text) refers to libspace.o(.bss) for __libspace_start
    rtexit.o(.ARM.Collect$$rtexit$$00000000) refers (Special) to rtexit2.o(.ARM.Collect$$rtexit$$00000004) for __rt_exit_exit
    rtexit.o(.ARM.Collect$$rtexit$$00000000) refers (Special) to rtexit2.o(.ARM.Collect$$rtexit$$00000003) for __rt_exit_ls
    rtexit.o(.ARM.Collect$$rtexit$$00000000) refers (Special) to rtexit2.o(.ARM.Collect$$rtexit$$00000002) for __rt_exit_prels_1
    rtexit.o(.ARM.exidx) refers (Special) to rtexit2.o(.ARM.Collect$$rtexit$$00000004) for __rt_exit_exit
    rtexit.o(.ARM.exidx) refers (Special) to rtexit2.o(.ARM.Collect$$rtexit$$00000003) for __rt_exit_ls
    rtexit.o(.ARM.exidx) refers (Special) to rtexit2.o(.ARM.Collect$$rtexit$$00000002) for __rt_exit_prels_1
    rtexit.o(.ARM.exidx) refers to rtexit.o(.ARM.Collect$$rtexit$$00000000) for .ARM.Collect$$rtexit$$00000000
    rt_raise.o(.text) refers to __raise.o(.text) for __raise
    rt_raise.o(.text) refers to sys_exit.o(.text) for _sys_exit
    defsig_exit.o(.text) refers to sys_exit.o(.text) for _sys_exit
    defsig_fpe_inner.o(.text) refers to defsig_general.o(.text) for __default_signal_display
    libinit2.o(.ARM.Collect$$libinit$$00000010) refers to libinit2.o(.ARM.Collect$$libinit$$0000000F) for .ARM.Collect$$libinit$$0000000F
    libinit2.o(.ARM.Collect$$libinit$$00000012) refers to libinit2.o(.ARM.Collect$$libinit$$0000000F) for .ARM.Collect$$libinit$$0000000F
    libinit2.o(.ARM.Collect$$libinit$$00000014) refers to libinit2.o(.ARM.Collect$$libinit$$0000000F) for .ARM.Collect$$libinit$$0000000F
    libinit2.o(.ARM.Collect$$libinit$$00000016) refers to libinit2.o(.ARM.Collect$$libinit$$0000000F) for .ARM.Collect$$libinit$$0000000F
    libinit2.o(.ARM.Collect$$libinit$$00000018) refers to libinit2.o(.ARM.Collect$$libinit$$0000000F) for .ARM.Collect$$libinit$$0000000F
    libinit2.o(.ARM.Collect$$libinit$$00000026) refers to argv_veneer.o(.emb_text) for __ARM_argv_veneer
    libinit2.o(.ARM.Collect$$libinit$$00000027) refers to argv_veneer.o(.emb_text) for __ARM_argv_veneer
    sys_exit.o(.text) refers (Special) to use_no_semi.o(.text) for __I$use$semihosting
    sys_exit.o(.text) refers (Special) to indicate_semi.o(.text) for __semihosting_library_function
    rtexit2.o(.ARM.Collect$$rtexit$$00000003) refers to libshutdown.o(.ARM.Collect$$libshutdown$$00000000) for __rt_lib_shutdown
    rtexit2.o(.ARM.Collect$$rtexit$$00000004) refers to sys_exit.o(.text) for _sys_exit
    rtexit2.o(.ARM.exidx) refers to rtexit2.o(.ARM.Collect$$rtexit$$00000001) for .ARM.Collect$$rtexit$$00000001
    rtexit2.o(.ARM.exidx) refers to rtexit2.o(.ARM.Collect$$rtexit$$00000003) for .ARM.Collect$$rtexit$$00000003
    rtexit2.o(.ARM.exidx) refers to rtexit2.o(.ARM.Collect$$rtexit$$00000004) for .ARM.Collect$$rtexit$$00000004
    __raise.o(.text) refers to defsig.o(CL$$defsig) for __default_signal_handler
    defsig_general.o(.text) refers to sys_wrch.o(.text) for _ttywrch
    argv_veneer.o(.emb_text) refers to no_argv.o(.text) for __ARM_get_argv
    sys_wrch.o(.text) refers (Special) to use_no_semi.o(.text) for __I$use$semihosting
    sys_wrch.o(.text) refers (Special) to indicate_semi.o(.text) for __semihosting_library_function
    defsig.o(CL$$defsig) refers to defsig_fpe_inner.o(.text) for __rt_SIGFPE_inner
    defsig.o(CL$$defsig) refers to defsig_rtmem_inner.o(.text) for __rt_SIGRTMEM_inner
    _get_argv_nomalloc.o(.text) refers (Special) to hrguard.o(.text) for __heap_region$guard
    _get_argv_nomalloc.o(.text) refers to defsig_rtmem_outer.o(.text) for __rt_SIGRTMEM
    _get_argv_nomalloc.o(.text) refers to sys_command.o(.text) for _sys_command_string
    libshutdown.o(.ARM.Collect$$libshutdown$$00000000) refers (Special) to libshutdown2.o(.ARM.Collect$$libshutdown$$00000002) for __rt_lib_shutdown_cpp_1
    libshutdown.o(.ARM.Collect$$libshutdown$$00000000) refers (Special) to libshutdown2.o(.ARM.Collect$$libshutdown$$00000007) for __rt_lib_shutdown_fp_trap_1
    libshutdown.o(.ARM.Collect$$libshutdown$$00000000) refers (Special) to libshutdown2.o(.ARM.Collect$$libshutdown$$0000000F) for __rt_lib_shutdown_heap_1
    libshutdown.o(.ARM.Collect$$libshutdown$$00000000) refers (Special) to libshutdown2.o(.ARM.Collect$$libshutdown$$00000010) for __rt_lib_shutdown_return
    libshutdown.o(.ARM.Collect$$libshutdown$$00000000) refers (Special) to libshutdown2.o(.ARM.Collect$$libshutdown$$0000000A) for __rt_lib_shutdown_signal_1
    libshutdown.o(.ARM.Collect$$libshutdown$$00000000) refers (Special) to libshutdown2.o(.ARM.Collect$$libshutdown$$00000004) for __rt_lib_shutdown_stdio_1
    libshutdown.o(.ARM.Collect$$libshutdown$$00000000) refers (Special) to libshutdown2.o(.ARM.Collect$$libshutdown$$0000000C) for __rt_lib_shutdown_user_alloc_1
    sys_command.o(.text) refers (Special) to use_no_semi.o(.text) for __I$use$semihosting
    sys_command.o(.text) refers (Special) to indicate_semi.o(.text) for __semihosting_library_function
    defsig_abrt_inner.o(.text) refers to defsig_general.o(.text) for __default_signal_display
    defsig_rtred_inner.o(.text) refers to defsig_general.o(.text) for __default_signal_display
    defsig_rtmem_inner.o(.text) refers to defsig_general.o(.text) for __default_signal_display
    defsig_rtmem_outer.o(.text) refers to defsig_rtmem_inner.o(.text) for __rt_SIGRTMEM_inner
    defsig_rtmem_outer.o(.text) refers to defsig_exit.o(.text) for __sig_exit
    defsig_rtmem_formal.o(.text) refers to rt_raise.o(.text) for __rt_raise
    defsig_stak_inner.o(.text) refers to defsig_general.o(.text) for __default_signal_display
    defsig_pvfn_inner.o(.text) refers to defsig_general.o(.text) for __default_signal_display
    defsig_cppl_inner.o(.text) refers to defsig_general.o(.text) for __default_signal_display
    defsig_segv_inner.o(.text) refers to defsig_general.o(.text) for __default_signal_display
    defsig_other.o(.text) refers to defsig_general.o(.text) for __default_signal_display


==============================================================================

Removing Unused input sections from the image.

    Removing main.o(.rev16_text), (4 bytes).
    Removing main.o(.revsh_text), (4 bytes).
    Removing main.o(.rrx_text), (6 bytes).
    Removing open1768_lcd.o(.rev16_text), (4 bytes).
    Removing open1768_lcd.o(.revsh_text), (4 bytes).
    Removing open1768_lcd.o(.rrx_text), (6 bytes).
    Removing open1768_lcd.o(i.lcdRead), (76 bytes).
    Removing open1768_lcd.o(i.lcdReadData), (56 bytes).
    Removing open1768_lcd.o(i.lcdReadReg), (20 bytes).
    Removing lcd_ili9325.o(.rev16_text), (4 bytes).
    Removing lcd_ili9325.o(.revsh_text), (4 bytes).
    Removing lcd_ili9325.o(.rrx_text), (6 bytes).
    Removing tp_open1768.o(.rev16_text), (4 bytes).
    Removing tp_open1768.o(.revsh_text), (4 bytes).
    Removing tp_open1768.o(.rrx_text), (6 bytes).
    Removing tp_open1768.o(i.touchpanelDelayUS), (42 bytes).
    Removing tp_open1768.o(i.touchpanelDriverDataBusInit), (152 bytes).
    Removing tp_open1768.o(i.touchpanelGetXY), (34 bytes).
    Removing tp_open1768.o(i.touchpanelInit), (40 bytes).
    Removing tp_open1768.o(i.touchpanelReadAddress), (44 bytes).
    Removing tp_open1768.o(i.touchpanelReadX), (48 bytes).
    Removing tp_open1768.o(i.touchpanelReadY), (48 bytes).
    Removing tp_open1768.o(i.touchpanelWriteCmd), (60 bytes).
    Removing lcd.o(.rev16_text), (4 bytes).
    Removing lcd.o(.revsh_text), (4 bytes).
    Removing lcd.o(.rrx_text), (6 bytes).
    Removing 1_wire.o(.rev16_text), (4 bytes).
    Removing 1_wire.o(.revsh_text), (4 bytes).
    Removing 1_wire.o(.rrx_text), (6 bytes).
    Removing time.o(.rev16_text), (4 bytes).
    Removing time.o(.revsh_text), (4 bytes).
    Removing time.o(.rrx_text), (6 bytes).
    Removing joystick_open1768.o(.rev16_text), (4 bytes).
    Removing joystick_open1768.o(.revsh_text), (4 bytes).
    Removing joystick_open1768.o(.rrx_text), (6 bytes).
    Removing joystick_open1768.o(i.Joystick_GetState), (92 bytes).
    Removing joystick_open1768.o(i.Joystick_Initialize), (72 bytes).
    Removing joystick_open1768.o(i.Joystick_Uninitialize), (48 bytes).
    Removing joystick_open1768.o(.constdata), (10 bytes).
    Removing led_open1768.o(.rev16_text), (4 bytes).
    Removing led_open1768.o(.revsh_text), (4 bytes).
    Removing led_open1768.o(.rrx_text), (6 bytes).
    Removing led_open1768.o(i.LED_GetCount), (4 bytes).
    Removing led_open1768.o(i.LED_Initialize), (92 bytes).
    Removing led_open1768.o(i.LED_Off), (44 bytes).
    Removing led_open1768.o(i.LED_On), (44 bytes).
    Removing led_open1768.o(i.LED_SetOut), (40 bytes).
    Removing led_open1768.o(i.LED_Uninitialize), (48 bytes).
    Removing led_open1768.o(.constdata), (8 bytes).
    Removing gpio_lpc17xx.o(.rev16_text), (4 bytes).
    Removing gpio_lpc17xx.o(.revsh_text), (4 bytes).
    Removing gpio_lpc17xx.o(.rrx_text), (6 bytes).
    Removing gpio_lpc17xx.o(i.GPIO_PinRead), (32 bytes).
    Removing gpio_lpc17xx.o(i.GPIO_PinWrite), (40 bytes).
    Removing gpio_lpc17xx.o(i.GPIO_PortClock), (44 bytes).
    Removing gpio_lpc17xx.o(i.GPIO_PortRead), (20 bytes).
    Removing gpio_lpc17xx.o(i.GPIO_PortWrite), (32 bytes).
    Removing gpio_lpc17xx.o(i.GPIO_SetDir), (56 bytes).
    Removing pin_lpc17xx.o(.rev16_text), (4 bytes).
    Removing pin_lpc17xx.o(.revsh_text), (4 bytes).
    Removing pin_lpc17xx.o(.rrx_text), (6 bytes).
    Removing pin_lpc17xx.o(i.PIN_Configure), (252 bytes).
    Removing pin_lpc17xx.o(i.PIN_ConfigureI2C0Pins), (32 bytes).
    Removing pin_lpc17xx.o(i.PIN_ConfigureTPIU), (40 bytes).
    Removing system_lpc17xx.o(.rev16_text), (4 bytes).
    Removing system_lpc17xx.o(.revsh_text), (4 bytes).
    Removing system_lpc17xx.o(.rrx_text), (6 bytes).
    Removing system_lpc17xx.o(i.SystemCoreClockUpdate), (424 bytes).

68 unused section(s) (total 2262 bytes) removed from the image.

==============================================================================

Image Symbol Table

    Local Symbols

    Symbol Name                              Value     Ov Type        Size  Object(Section)

    RESET                                    0x00000000   Section      204  startup_lpc17xx.o(RESET)
    ../clib/angel/boardlib.s                 0x00000000   Number         0  boardinit1.o ABSOLUTE
    ../clib/angel/boardlib.s                 0x00000000   Number         0  boardshut.o ABSOLUTE
    ../clib/angel/boardlib.s                 0x00000000   Number         0  boardinit2.o ABSOLUTE
    ../clib/angel/boardlib.s                 0x00000000   Number         0  boardinit3.o ABSOLUTE
    ../clib/angel/handlers.s                 0x00000000   Number         0  __scatter_zi.o ABSOLUTE
    ../clib/angel/handlers.s                 0x00000000   Number         0  __scatter_copy.o ABSOLUTE
    ../clib/angel/kernel.s                   0x00000000   Number         0  __rtentry.o ABSOLUTE
    ../clib/angel/kernel.s                   0x00000000   Number         0  rtexit2.o ABSOLUTE
    ../clib/angel/kernel.s                   0x00000000   Number         0  __rtentry2.o ABSOLUTE
    ../clib/angel/kernel.s                   0x00000000   Number         0  __rtentry4.o ABSOLUTE
    ../clib/angel/kernel.s                   0x00000000   Number         0  rtexit.o ABSOLUTE
    ../clib/angel/rt.s                       0x00000000   Number         0  aeabi_ldiv0_sigfpe.o ABSOLUTE
    ../clib/angel/rt.s                       0x00000000   Number         0  rt_raise.o ABSOLUTE
    ../clib/angel/rt.s                       0x00000000   Number         0  aeabi_ldiv0.o ABSOLUTE
    ../clib/angel/rt.s                       0x00000000   Number         0  rt_div0.o ABSOLUTE
    ../clib/angel/scatter.s                  0x00000000   Number         0  __scatter.o ABSOLUTE
    ../clib/angel/startup.s                  0x00000000   Number         0  __main.o ABSOLUTE
    ../clib/angel/sys.s                      0x00000000   Number         0  sys_stackheap_outer.o ABSOLUTE
    ../clib/angel/sys.s                      0x00000000   Number         0  libspace.o ABSOLUTE
    ../clib/angel/sys.s                      0x00000000   Number         0  indicate_semi.o ABSOLUTE
    ../clib/angel/sys.s                      0x00000000   Number         0  use_no_semi.o ABSOLUTE
    ../clib/angel/sysapp.c                   0x00000000   Number         0  sys_exit.o ABSOLUTE
    ../clib/angel/sysapp.c                   0x00000000   Number         0  sys_wrch.o ABSOLUTE
    ../clib/angel/sysapp.c                   0x00000000   Number         0  sys_command.o ABSOLUTE
    ../clib/armsys.c                         0x00000000   Number         0  no_argv.o ABSOLUTE
    ../clib/armsys.c                         0x00000000   Number         0  _get_argv_nomalloc.o ABSOLUTE
    ../clib/armsys.c                         0x00000000   Number         0  argv_veneer.o ABSOLUTE
    ../clib/armsys.c                         0x00000000   Number         0  argv_veneer.o ABSOLUTE
    ../clib/heapalloc.c                      0x00000000   Number         0  hrguard.o ABSOLUTE
    ../clib/heapaux.c                        0x00000000   Number         0  heapauxi.o ABSOLUTE
    ../clib/libinit.s                        0x00000000   Number         0  libinit.o ABSOLUTE
    ../clib/libinit.s                        0x00000000   Number         0  libshutdown2.o ABSOLUTE
    ../clib/libinit.s                        0x00000000   Number         0  libinit2.o ABSOLUTE
    ../clib/libinit.s                        0x00000000   Number         0  libshutdown.o ABSOLUTE
    ../clib/longlong.s                       0x00000000   Number         0  lludivv7m.o ABSOLUTE
    ../clib/memcpset.s                       0x00000000   Number         0  rt_memcpy_w.o ABSOLUTE
    ../clib/memcpset.s                       0x00000000   Number         0  rt_memcpy_v6.o ABSOLUTE
    ../clib/printf.c                         0x00000000   Number         0  _printf_char.o ABSOLUTE
    ../clib/printf.c                         0x00000000   Number         0  _printf_dec.o ABSOLUTE
    ../clib/printf.c                         0x00000000   Number         0  _printf_char_common.o ABSOLUTE
    ../clib/printf.c                         0x00000000   Number         0  __printf.o ABSOLUTE
    ../clib/printf.c                         0x00000000   Number         0  _printf_str.o ABSOLUTE
    ../clib/printf.c                         0x00000000   Number         0  __2sprintf.o ABSOLUTE
    ../clib/printf.c                         0x00000000   Number         0  __printf_ss_wp.o ABSOLUTE
    ../clib/printf.c                         0x00000000   Number         0  __printf_flags.o ABSOLUTE
    ../clib/printf.c                         0x00000000   Number         0  __printf_flags_ss.o ABSOLUTE
    ../clib/printf.c                         0x00000000   Number         0  __printf_wp.o ABSOLUTE
    ../clib/printf.c                         0x00000000   Number         0  __printf_flags_wp.o ABSOLUTE
    ../clib/printf.c                         0x00000000   Number         0  __printf_flags_ss_wp.o ABSOLUTE
    ../clib/printf.c                         0x00000000   Number         0  __printf_nopercent.o ABSOLUTE
    ../clib/printf.c                         0x00000000   Number         0  __printf_ss.o ABSOLUTE
    ../clib/printf.c                         0x00000000   Number         0  _sputc.o ABSOLUTE
    ../clib/printf.c                         0x00000000   Number         0  _printf_intcommon.o ABSOLUTE
    ../clib/printf.c                         0x00000000   Number         0  noretval__2sprintf.o ABSOLUTE
    ../clib/printf_percent.s                 0x00000000   Number         0  _printf_percent_end.o ABSOLUTE
    ../clib/printf_percent.s                 0x00000000   Number         0  _printf_c.o ABSOLUTE
    ../clib/printf_percent.s                 0x00000000   Number         0  _printf_percent.o ABSOLUTE
    ../clib/printf_percent.s                 0x00000000   Number         0  _printf_d.o ABSOLUTE
    ../clib/signal.c                         0x00000000   Number         0  defsig_rtmem_formal.o ABSOLUTE
    ../clib/signal.c                         0x00000000   Number         0  defsig_rtmem_outer.o ABSOLUTE
    ../clib/signal.c                         0x00000000   Number         0  defsig_rtmem_inner.o ABSOLUTE
    ../clib/signal.c                         0x00000000   Number         0  defsig_rtred_inner.o ABSOLUTE
    ../clib/signal.c                         0x00000000   Number         0  defsig_abrt_inner.o ABSOLUTE
    ../clib/signal.c                         0x00000000   Number         0  defsig_general.o ABSOLUTE
    ../clib/signal.c                         0x00000000   Number         0  __raise.o ABSOLUTE
    ../clib/signal.c                         0x00000000   Number         0  defsig_exit.o ABSOLUTE
    ../clib/signal.c                         0x00000000   Number         0  defsig_fpe_inner.o ABSOLUTE
    ../clib/signal.c                         0x00000000   Number         0  defsig_other.o ABSOLUTE
    ../clib/signal.c                         0x00000000   Number         0  defsig_fpe_outer.o ABSOLUTE
    ../clib/signal.c                         0x00000000   Number         0  defsig_segv_inner.o ABSOLUTE
    ../clib/signal.c                         0x00000000   Number         0  defsig_cppl_inner.o ABSOLUTE
    ../clib/signal.c                         0x00000000   Number         0  defsig_pvfn_inner.o ABSOLUTE
    ../clib/signal.c                         0x00000000   Number         0  defsig_stak_inner.o ABSOLUTE
    ../clib/signal.c                         0x00000000   Number         0  defsig_fpe_formal.o ABSOLUTE
    ../clib/signal.s                         0x00000000   Number         0  defsig.o ABSOLUTE
    ../clib/stdlib.c                         0x00000000   Number         0  exit.o ABSOLUTE
    ../fplib/fpinit.s                        0x00000000   Number         0  fpinit.o ABSOLUTE
    1_Wire.c                                 0x00000000   Number         0  1_wire.o ABSOLUTE
    1_Wire.c                                 0x00000000   Number         0  1_wire.o ABSOLUTE
    C:\Keil_v5\ARM\PACK\Keil\LPC1700_DFP\2.6.1\Boards\Waveshare\Open1768\Common\Joystick_Open1768.c 0x00000000   Number         0  joystick_open1768.o ABSOLUTE
    C:\Keil_v5\ARM\PACK\Keil\LPC1700_DFP\2.6.1\Boards\Waveshare\Open1768\Common\LED_Open1768.c 0x00000000   Number         0  led_open1768.o ABSOLUTE
    C:\Keil_v5\ARM\PACK\Keil\LPC1700_DFP\2.6.1\RTE_Driver\GPIO_LPC17xx.c 0x00000000   Number         0  gpio_lpc17xx.o ABSOLUTE
    C:\Keil_v5\ARM\PACK\Keil\LPC1700_DFP\2.6.1\RTE_Driver\PIN_LPC17xx.c 0x00000000   Number         0  pin_lpc17xx.o ABSOLUTE
    C:\\Keil_v5\\ARM\\PACK\\Keil\\LPC1700_DFP\\2.6.1\\Boards\\Waveshare\\Open1768\\Common\\Joystick_Open1768.c 0x00000000   Number         0  joystick_open1768.o ABSOLUTE
    C:\\Keil_v5\\ARM\\PACK\\Keil\\LPC1700_DFP\\2.6.1\\Boards\\Waveshare\\Open1768\\Common\\LED_Open1768.c 0x00000000   Number         0  led_open1768.o ABSOLUTE
    C:\\Keil_v5\\ARM\\PACK\\Keil\\LPC1700_DFP\\2.6.1\\RTE_Driver\\GPIO_LPC17xx.c 0x00000000   Number         0  gpio_lpc17xx.o ABSOLUTE
    C:\\Keil_v5\\ARM\\PACK\\Keil\\LPC1700_DFP\\2.6.1\\RTE_Driver\\PIN_LPC17xx.c 0x00000000   Number         0  pin_lpc17xx.o ABSOLUTE
    LCD.c                                    0x00000000   Number         0  lcd.o ABSOLUTE
    LCD.c                                    0x00000000   Number         0  lcd.o ABSOLUTE
    LCD_ILI9325.c                            0x00000000   Number         0  lcd_ili9325.o ABSOLUTE
    LCD_ILI9325.c                            0x00000000   Number         0  lcd_ili9325.o ABSOLUTE
    Open1768_LCD.c                           0x00000000   Number         0  open1768_lcd.o ABSOLUTE
    Open1768_LCD.c                           0x00000000   Number         0  open1768_lcd.o ABSOLUTE
    RTE\Device\LPC1768\startup_LPC17xx.s     0x00000000   Number         0  startup_lpc17xx.o ABSOLUTE
    RTE\Device\LPC1768\system_LPC17xx.c      0x00000000   Number         0  system_lpc17xx.o ABSOLUTE
    RTE\\Device\\LPC1768\\system_LPC17xx.c   0x00000000   Number         0  system_lpc17xx.o ABSOLUTE
    TP_Open1768.c                            0x00000000   Number         0  tp_open1768.o ABSOLUTE
    TP_Open1768.c                            0x00000000   Number         0  tp_open1768.o ABSOLUTE
    Time.c                                   0x00000000   Number         0  time.o ABSOLUTE
    Time.c                                   0x00000000   Number         0  time.o ABSOLUTE
    asciiLib.c                               0x00000000   Number         0  asciilib.o ABSOLUTE
    dc.s                                     0x00000000   Number         0  dc.o ABSOLUTE
    main.c                                   0x00000000   Number         0  main.o ABSOLUTE
    main.c                                   0x00000000   Number         0  main.o ABSOLUTE
    !!!main                                  0x000000cc   Section        8  __main.o(!!!main)
    !!!scatter                               0x000000d4   Section       52  __scatter.o(!!!scatter)
    !!handler_copy                           0x00000108   Section       26  __scatter_copy.o(!!handler_copy)
    !!handler_zi                             0x00000124   Section       28  __scatter_zi.o(!!handler_zi)
    .ARM.Collect$$_printf_percent$$00000000  0x00000140   Section        0  _printf_percent.o(.ARM.Collect$$_printf_percent$$00000000)
    .ARM.Collect$$_printf_percent$$00000009  0x00000140   Section        6  _printf_d.o(.ARM.Collect$$_printf_percent$$00000009)
    .ARM.Collect$$_printf_percent$$00000013  0x00000146   Section        6  _printf_c.o(.ARM.Collect$$_printf_percent$$00000013)
    .ARM.Collect$$_printf_percent$$00000017  0x0000014c   Section        4  _printf_percent_end.o(.ARM.Collect$$_printf_percent$$00000017)
    .ARM.Collect$$libinit$$00000000          0x00000150   Section        2  libinit.o(.ARM.Collect$$libinit$$00000000)
    .ARM.Collect$$libinit$$00000002          0x00000152   Section        0  libinit2.o(.ARM.Collect$$libinit$$00000002)
    .ARM.Collect$$libinit$$00000004          0x00000152   Section        0  libinit2.o(.ARM.Collect$$libinit$$00000004)
    .ARM.Collect$$libinit$$0000000A          0x00000152   Section        0  libinit2.o(.ARM.Collect$$libinit$$0000000A)
    .ARM.Collect$$libinit$$0000000C          0x00000152   Section        0  libinit2.o(.ARM.Collect$$libinit$$0000000C)
    .ARM.Collect$$libinit$$0000000E          0x00000152   Section        0  libinit2.o(.ARM.Collect$$libinit$$0000000E)
    .ARM.Collect$$libinit$$00000011          0x00000152   Section        0  libinit2.o(.ARM.Collect$$libinit$$00000011)
    .ARM.Collect$$libinit$$00000013          0x00000152   Section        0  libinit2.o(.ARM.Collect$$libinit$$00000013)
    .ARM.Collect$$libinit$$00000015          0x00000152   Section        0  libinit2.o(.ARM.Collect$$libinit$$00000015)
    .ARM.Collect$$libinit$$00000017          0x00000152   Section        0  libinit2.o(.ARM.Collect$$libinit$$00000017)
    .ARM.Collect$$libinit$$00000019          0x00000152   Section        0  libinit2.o(.ARM.Collect$$libinit$$00000019)
    .ARM.Collect$$libinit$$0000001B          0x00000152   Section        0  libinit2.o(.ARM.Collect$$libinit$$0000001B)
    .ARM.Collect$$libinit$$0000001D          0x00000152   Section        0  libinit2.o(.ARM.Collect$$libinit$$0000001D)
    .ARM.Collect$$libinit$$0000001F          0x00000152   Section        0  libinit2.o(.ARM.Collect$$libinit$$0000001F)
    .ARM.Collect$$libinit$$00000021          0x00000152   Section        0  libinit2.o(.ARM.Collect$$libinit$$00000021)
    .ARM.Collect$$libinit$$00000023          0x00000152   Section        0  libinit2.o(.ARM.Collect$$libinit$$00000023)
    .ARM.Collect$$libinit$$00000025          0x00000152   Section        0  libinit2.o(.ARM.Collect$$libinit$$00000025)
    .ARM.Collect$$libinit$$0000002C          0x00000152   Section        0  libinit2.o(.ARM.Collect$$libinit$$0000002C)
    .ARM.Collect$$libinit$$0000002E          0x00000152   Section        0  libinit2.o(.ARM.Collect$$libinit$$0000002E)
    .ARM.Collect$$libinit$$00000030          0x00000152   Section        0  libinit2.o(.ARM.Collect$$libinit$$00000030)
    .ARM.Collect$$libinit$$00000032          0x00000152   Section        0  libinit2.o(.ARM.Collect$$libinit$$00000032)
    .ARM.Collect$$libinit$$00000033          0x00000152   Section        2  libinit2.o(.ARM.Collect$$libinit$$00000033)
    .ARM.Collect$$libshutdown$$00000000      0x00000154   Section        2  libshutdown.o(.ARM.Collect$$libshutdown$$00000000)
    .ARM.Collect$$libshutdown$$00000002      0x00000156   Section        0  libshutdown2.o(.ARM.Collect$$libshutdown$$00000002)
    .ARM.Collect$$libshutdown$$00000004      0x00000156   Section        0  libshutdown2.o(.ARM.Collect$$libshutdown$$00000004)
    .ARM.Collect$$libshutdown$$00000007      0x00000156   Section        0  libshutdown2.o(.ARM.Collect$$libshutdown$$00000007)
    .ARM.Collect$$libshutdown$$0000000A      0x00000156   Section        0  libshutdown2.o(.ARM.Collect$$libshutdown$$0000000A)
    .ARM.Collect$$libshutdown$$0000000C      0x00000156   Section        0  libshutdown2.o(.ARM.Collect$$libshutdown$$0000000C)
    .ARM.Collect$$libshutdown$$0000000F      0x00000156   Section        0  libshutdown2.o(.ARM.Collect$$libshutdown$$0000000F)
    .ARM.Collect$$libshutdown$$00000010      0x00000156   Section        2  libshutdown2.o(.ARM.Collect$$libshutdown$$00000010)
    .ARM.Collect$$rtentry$$00000000          0x00000158   Section        0  __rtentry.o(.ARM.Collect$$rtentry$$00000000)
    .ARM.Collect$$rtentry$$00000002          0x00000158   Section        0  __rtentry2.o(.ARM.Collect$$rtentry$$00000002)
    .ARM.Collect$$rtentry$$00000004          0x00000158   Section        6  __rtentry4.o(.ARM.Collect$$rtentry$$00000004)
    .ARM.Collect$$rtentry$$00000009          0x0000015e   Section        0  __rtentry2.o(.ARM.Collect$$rtentry$$00000009)
    .ARM.Collect$$rtentry$$0000000A          0x0000015e   Section        4  __rtentry2.o(.ARM.Collect$$rtentry$$0000000A)
    .ARM.Collect$$rtentry$$0000000C          0x00000162   Section        0  __rtentry2.o(.ARM.Collect$$rtentry$$0000000C)
    .ARM.Collect$$rtentry$$0000000D          0x00000162   Section        8  __rtentry2.o(.ARM.Collect$$rtentry$$0000000D)
    .ARM.Collect$$rtexit$$00000000           0x0000016a   Section        2  rtexit.o(.ARM.Collect$$rtexit$$00000000)
    .ARM.Collect$$rtexit$$00000002           0x0000016c   Section        0  rtexit2.o(.ARM.Collect$$rtexit$$00000002)
    .ARM.Collect$$rtexit$$00000003           0x0000016c   Section        4  rtexit2.o(.ARM.Collect$$rtexit$$00000003)
    .ARM.Collect$$rtexit$$00000004           0x00000170   Section        6  rtexit2.o(.ARM.Collect$$rtexit$$00000004)
    .text                                    0x00000178   Section       60  startup_lpc17xx.o(.text)
    .text                                    0x000001b4   Section        0  noretval__2sprintf.o(.text)
    .text                                    0x000001dc   Section        0  __printf.o(.text)
    .text                                    0x00000244   Section        0  _printf_str.o(.text)
    .text                                    0x00000296   Section        0  heapauxi.o(.text)
    .text                                    0x0000029c   Section        0  _printf_char_common.o(.text)
    _printf_input_char                       0x0000029d   Thumb Code    10  _printf_char_common.o(.text)
    .text                                    0x000002cc   Section        0  _sputc.o(.text)
    .text                                    0x000002d6   Section        0  exit.o(.text)
    .text                                    0x000002e8   Section        8  libspace.o(.text)
    .text                                    0x000002f0   Section        0  sys_exit.o(.text)
    .ARM.__at_0x02FC                         0x000002fc   Section        4  startup_lpc17xx.o(.ARM.__at_0x02FC)
    .text                                    0x00000300   Section        0  _printf_dec.o(.text)
    .text                                    0x00000378   Section      138  rt_memcpy_v6.o(.text)
    .text                                    0x00000402   Section        0  _printf_intcommon.o(.text)
    .text                                    0x000004b4   Section        0  _printf_char.o(.text)
    .text                                    0x000004e0   Section      100  rt_memcpy_w.o(.text)
    .text                                    0x00000544   Section       74  sys_stackheap_outer.o(.text)
    .text                                    0x0000058e   Section        2  use_no_semi.o(.text)
    .text                                    0x00000590   Section        0  indicate_semi.o(.text)
    i.GetASCIICode                           0x00000590   Section        0  asciilib.o(i.GetASCIICode)
    i.SysTick_Handler                        0x000005bc   Section        0  time.o(i.SysTick_Handler)
    i.SystemInit                             0x000005cc   Section        0  system_lpc17xx.o(i.SystemInit)
    i.convert_t                              0x0000070c   Section        0  1_wire.o(i.convert_t)
    i.convert_temp_dec                       0x00000730   Section        0  lcd.o(i.convert_temp_dec)
    i.convert_temp_float                     0x0000073a   Section        0  lcd.o(i.convert_temp_float)
    i.delay_ms                               0x00000742   Section        0  lcd_ili9325.o(i.delay_ms)
    i.fill_bg                                0x00000760   Section        0  lcd.o(i.fill_bg)
    i.get_sign                               0x00000782   Section        0  lcd.o(i.get_sign)
    i.init                                   0x00000794   Section        0  main.o(i.init)
    i.init_ILI9325                           0x000007a4   Section        0  lcd_ili9325.o(i.init_ILI9325)
    i.init_gpio                              0x00000978   Section        0  1_wire.o(i.init_gpio)
    i.init_lcd                               0x00000988   Section        0  lcd.o(i.init_lcd)
    i.init_sys_tick                          0x00000994   Section        0  time.o(i.init_sys_tick)
    i.lcdConfiguration                       0x000009f4   Section        0  open1768_lcd.o(i.lcdConfiguration)
    i.lcdSend                                0x00000a1c   Section        0  open1768_lcd.o(i.lcdSend)
    i.lcdSetCursor                           0x00000a48   Section        0  open1768_lcd.o(i.lcdSetCursor)
    i.lcdWriteData                           0x00000a60   Section        0  open1768_lcd.o(i.lcdWriteData)
    i.lcdWriteIndex                          0x00000a98   Section        0  open1768_lcd.o(i.lcdWriteIndex)
    i.lcdWriteReg                            0x00000ad8   Section        0  open1768_lcd.o(i.lcdWriteReg)
    i.main                                   0x00000aec   Section        0  main.o(i.main)
    i.presence                               0x00000b14   Section        0  1_wire.o(i.presence)
    i.print_char                             0x00000b30   Section        0  lcd.o(i.print_char)
    i.print_str                              0x00000b84   Section        0  lcd.o(i.print_str)
    i.print_temp                             0x00000bc0   Section        0  lcd.o(i.print_temp)
    i.read_bit                               0x00000c2c   Section        0  1_wire.o(i.read_bit)
    i.read_scratchpad                        0x00000c74   Section        0  1_wire.o(i.read_scratchpad)
    i.read_temp                              0x00000c98   Section        0  1_wire.o(i.read_temp)
    i.reset                                  0x00000cec   Section        0  1_wire.o(i.reset)
    i.send0                                  0x00000d08   Section        0  1_wire.o(i.send0)
    i.send1                                  0x00000d34   Section        0  1_wire.o(i.send1)
    i.skip_rom                               0x00000d60   Section        0  1_wire.o(i.skip_rom)
    i.sleep_ms                               0x00000d84   Section        0  time.o(i.sleep_ms)
    i.sleep_us                               0x00000d98   Section        0  time.o(i.sleep_us)
    i.wait_delay                             0x00000db0   Section        0  open1768_lcd.o(i.wait_delay)
    .constdata                               0x00000dc2   Section     3040  asciilib.o(.constdata)
    AsciiLib                                 0x00000dc2   Data        3040  asciilib.o(.constdata)
    STACK                                    0x10000000   Section      512  startup_lpc17xx.o(STACK)
    Stack_Mem                                0x10000000   Data         512  startup_lpc17xx.o(STACK)
    __initial_sp                             0x10000200   Data           0  startup_lpc17xx.o(STACK)
    .data                                    0x2007c000   Section        1  lcd.o(.data)
    .data                                    0x2007c004   Section        4  time.o(.data)
    .data                                    0x2007c008   Section        4  system_lpc17xx.o(.data)
    .bss                                     0x2007c00c   Section       96  libspace.o(.bss)
    HEAP                                     0x2007c070   Section        0  startup_lpc17xx.o(HEAP)
    Heap_Mem                                 0x2007c070   Data           0  startup_lpc17xx.o(HEAP)

    Global Symbols

    Symbol Name                              Value     Ov Type        Size  Object(Section)

    BuildAttributes$$THM_ISAv4$P$D$K$B$S$PE$A:L22UL41UL21$X:L11$S22US41US21$IEEE1$IW$USESV6$~STKCKD$USESV7$~SHL$OSPACE$ROPI$EBA8$UX$STANDARDLIB$REQ8$PRES8$EABIv2 0x00000000   Number         0  anon$$obj.o ABSOLUTE
    __ARM_use_no_argv                        0x00000000   Number         0  main.o ABSOLUTE
    __Vectors                                0x00000000   Data           4  startup_lpc17xx.o(RESET)
    __ARM_exceptions_init                     - Undefined Weak Reference
    __alloca_initialize                       - Undefined Weak Reference
    __arm_preinit_                            - Undefined Weak Reference
    __cpp_initialize__aeabi_                  - Undefined Weak Reference
    __cxa_finalize                            - Undefined Weak Reference
    __rt_locale                               - Undefined Weak Reference
    __sigvec_lookup                           - Undefined Weak Reference
    _atexit_init                              - Undefined Weak Reference
    _call_atexit_fns                          - Undefined Weak Reference
    _clock_init                               - Undefined Weak Reference
    _fp_trap_init                             - Undefined Weak Reference
    _fp_trap_shutdown                         - Undefined Weak Reference
    _get_lc_collate                           - Undefined Weak Reference
    _get_lc_ctype                             - Undefined Weak Reference
    _get_lc_monetary                          - Undefined Weak Reference
    _get_lc_numeric                           - Undefined Weak Reference
    _get_lc_time                              - Undefined Weak Reference
    _getenv_init                              - Undefined Weak Reference
    _handle_redirection                       - Undefined Weak Reference
    _init_alloc                               - Undefined Weak Reference
    _init_user_alloc                          - Undefined Weak Reference
    _initio                                   - Undefined Weak Reference
    _printf_mbtowc                            - Undefined Weak Reference
    _printf_post_padding                      - Undefined Weak Reference
    _printf_pre_padding                       - Undefined Weak Reference
    _printf_truncate_signed                   - Undefined Weak Reference
    _printf_truncate_unsigned                 - Undefined Weak Reference
    _rand_init                                - Undefined Weak Reference
    _signal_finish                            - Undefined Weak Reference
    _signal_init                              - Undefined Weak Reference
    _terminate_alloc                          - Undefined Weak Reference
    _terminate_user_alloc                     - Undefined Weak Reference
    _terminateio                              - Undefined Weak Reference
    __main                                   0x000000cd   Thumb Code     8  __main.o(!!!main)
    __scatterload                            0x000000d5   Thumb Code     0  __scatter.o(!!!scatter)
    __scatterload_rt2                        0x000000d5   Thumb Code    44  __scatter.o(!!!scatter)
    __scatterload_rt2_thumb_only             0x000000d5   Thumb Code     0  __scatter.o(!!!scatter)
    __scatterload_null                       0x000000e3   Thumb Code     0  __scatter.o(!!!scatter)
    __scatterload_copy                       0x00000109   Thumb Code    26  __scatter_copy.o(!!handler_copy)
    __scatterload_zeroinit                   0x00000125   Thumb Code    28  __scatter_zi.o(!!handler_zi)
    _printf_d                                0x00000141   Thumb Code     0  _printf_d.o(.ARM.Collect$$_printf_percent$$00000009)
    _printf_percent                          0x00000141   Thumb Code     0  _printf_percent.o(.ARM.Collect$$_printf_percent$$00000000)
    _printf_c                                0x00000147   Thumb Code     0  _printf_c.o(.ARM.Collect$$_printf_percent$$00000013)
    _printf_percent_end                      0x0000014d   Thumb Code     0  _printf_percent_end.o(.ARM.Collect$$_printf_percent$$00000017)
    __rt_lib_init                            0x00000151   Thumb Code     0  libinit.o(.ARM.Collect$$libinit$$00000000)
    __rt_lib_init_alloca_1                   0x00000153   Thumb Code     0  libinit2.o(.ARM.Collect$$libinit$$0000002E)
    __rt_lib_init_argv_1                     0x00000153   Thumb Code     0  libinit2.o(.ARM.Collect$$libinit$$0000002C)
    __rt_lib_init_atexit_1                   0x00000153   Thumb Code     0  libinit2.o(.ARM.Collect$$libinit$$0000001B)
    __rt_lib_init_clock_1                    0x00000153   Thumb Code     0  libinit2.o(.ARM.Collect$$libinit$$00000021)
    __rt_lib_init_cpp_1                      0x00000153   Thumb Code     0  libinit2.o(.ARM.Collect$$libinit$$00000032)
    __rt_lib_init_exceptions_1               0x00000153   Thumb Code     0  libinit2.o(.ARM.Collect$$libinit$$00000030)
    __rt_lib_init_fp_1                       0x00000153   Thumb Code     0  libinit2.o(.ARM.Collect$$libinit$$00000002)
    __rt_lib_init_fp_trap_1                  0x00000153   Thumb Code     0  libinit2.o(.ARM.Collect$$libinit$$0000001F)
    __rt_lib_init_getenv_1                   0x00000153   Thumb Code     0  libinit2.o(.ARM.Collect$$libinit$$00000023)
    __rt_lib_init_heap_1                     0x00000153   Thumb Code     0  libinit2.o(.ARM.Collect$$libinit$$0000000A)
    __rt_lib_init_lc_collate_1               0x00000153   Thumb Code     0  libinit2.o(.ARM.Collect$$libinit$$00000011)
    __rt_lib_init_lc_ctype_1                 0x00000153   Thumb Code     0  libinit2.o(.ARM.Collect$$libinit$$00000013)
    __rt_lib_init_lc_monetary_1              0x00000153   Thumb Code     0  libinit2.o(.ARM.Collect$$libinit$$00000015)
    __rt_lib_init_lc_numeric_1               0x00000153   Thumb Code     0  libinit2.o(.ARM.Collect$$libinit$$00000017)
    __rt_lib_init_lc_time_1                  0x00000153   Thumb Code     0  libinit2.o(.ARM.Collect$$libinit$$00000019)
    __rt_lib_init_preinit_1                  0x00000153   Thumb Code     0  libinit2.o(.ARM.Collect$$libinit$$00000004)
    __rt_lib_init_rand_1                     0x00000153   Thumb Code     0  libinit2.o(.ARM.Collect$$libinit$$0000000E)
    __rt_lib_init_return                     0x00000153   Thumb Code     0  libinit2.o(.ARM.Collect$$libinit$$00000033)
    __rt_lib_init_signal_1                   0x00000153   Thumb Code     0  libinit2.o(.ARM.Collect$$libinit$$0000001D)
    __rt_lib_init_stdio_1                    0x00000153   Thumb Code     0  libinit2.o(.ARM.Collect$$libinit$$00000025)
    __rt_lib_init_user_alloc_1               0x00000153   Thumb Code     0  libinit2.o(.ARM.Collect$$libinit$$0000000C)
    __rt_lib_shutdown                        0x00000155   Thumb Code     0  libshutdown.o(.ARM.Collect$$libshutdown$$00000000)
    __rt_lib_shutdown_cpp_1                  0x00000157   Thumb Code     0  libshutdown2.o(.ARM.Collect$$libshutdown$$00000002)
    __rt_lib_shutdown_fp_trap_1              0x00000157   Thumb Code     0  libshutdown2.o(.ARM.Collect$$libshutdown$$00000007)
    __rt_lib_shutdown_heap_1                 0x00000157   Thumb Code     0  libshutdown2.o(.ARM.Collect$$libshutdown$$0000000F)
    __rt_lib_shutdown_return                 0x00000157   Thumb Code     0  libshutdown2.o(.ARM.Collect$$libshutdown$$00000010)
    __rt_lib_shutdown_signal_1               0x00000157   Thumb Code     0  libshutdown2.o(.ARM.Collect$$libshutdown$$0000000A)
    __rt_lib_shutdown_stdio_1                0x00000157   Thumb Code     0  libshutdown2.o(.ARM.Collect$$libshutdown$$00000004)
    __rt_lib_shutdown_user_alloc_1           0x00000157   Thumb Code     0  libshutdown2.o(.ARM.Collect$$libshutdown$$0000000C)
    __rt_entry                               0x00000159   Thumb Code     0  __rtentry.o(.ARM.Collect$$rtentry$$00000000)
    __rt_entry_presh_1                       0x00000159   Thumb Code     0  __rtentry2.o(.ARM.Collect$$rtentry$$00000002)
    __rt_entry_sh                            0x00000159   Thumb Code     0  __rtentry4.o(.ARM.Collect$$rtentry$$00000004)
    __rt_entry_li                            0x0000015f   Thumb Code     0  __rtentry2.o(.ARM.Collect$$rtentry$$0000000A)
    __rt_entry_postsh_1                      0x0000015f   Thumb Code     0  __rtentry2.o(.ARM.Collect$$rtentry$$00000009)
    __rt_entry_main                          0x00000163   Thumb Code     0  __rtentry2.o(.ARM.Collect$$rtentry$$0000000D)
    __rt_entry_postli_1                      0x00000163   Thumb Code     0  __rtentry2.o(.ARM.Collect$$rtentry$$0000000C)
    __rt_exit                                0x0000016b   Thumb Code     0  rtexit.o(.ARM.Collect$$rtexit$$00000000)
    __rt_exit_ls                             0x0000016d   Thumb Code     0  rtexit2.o(.ARM.Collect$$rtexit$$00000003)
    __rt_exit_prels_1                        0x0000016d   Thumb Code     0  rtexit2.o(.ARM.Collect$$rtexit$$00000002)
    __rt_exit_exit                           0x00000171   Thumb Code     0  rtexit2.o(.ARM.Collect$$rtexit$$00000004)
    Reset_Handler                            0x00000179   Thumb Code     8  startup_lpc17xx.o(.text)
    NMI_Handler                              0x00000181   Thumb Code     2  startup_lpc17xx.o(.text)
    HardFault_Handler                        0x00000183   Thumb Code     2  startup_lpc17xx.o(.text)
    MemManage_Handler                        0x00000185   Thumb Code     2  startup_lpc17xx.o(.text)
    BusFault_Handler                         0x00000187   Thumb Code     2  startup_lpc17xx.o(.text)
    UsageFault_Handler                       0x00000189   Thumb Code     2  startup_lpc17xx.o(.text)
    SVC_Handler                              0x0000018b   Thumb Code     2  startup_lpc17xx.o(.text)
    DebugMon_Handler                         0x0000018d   Thumb Code     2  startup_lpc17xx.o(.text)
    PendSV_Handler                           0x0000018f   Thumb Code     2  startup_lpc17xx.o(.text)
    ADC_IRQHandler                           0x00000193   Thumb Code     0  startup_lpc17xx.o(.text)
    BOD_IRQHandler                           0x00000193   Thumb Code     0  startup_lpc17xx.o(.text)
    CANActivity_IRQHandler                   0x00000193   Thumb Code     0  startup_lpc17xx.o(.text)
    CAN_IRQHandler                           0x00000193   Thumb Code     0  startup_lpc17xx.o(.text)
    DMA_IRQHandler                           0x00000193   Thumb Code     0  startup_lpc17xx.o(.text)
    EINT0_IRQHandler                         0x00000193   Thumb Code     0  startup_lpc17xx.o(.text)
    EINT1_IRQHandler                         0x00000193   Thumb Code     0  startup_lpc17xx.o(.text)
    EINT2_IRQHandler                         0x00000193   Thumb Code     0  startup_lpc17xx.o(.text)
    EINT3_IRQHandler                         0x00000193   Thumb Code     0  startup_lpc17xx.o(.text)
    ENET_IRQHandler                          0x00000193   Thumb Code     0  startup_lpc17xx.o(.text)
    I2C0_IRQHandler                          0x00000193   Thumb Code     0  startup_lpc17xx.o(.text)
    I2C1_IRQHandler                          0x00000193   Thumb Code     0  startup_lpc17xx.o(.text)
    I2C2_IRQHandler                          0x00000193   Thumb Code     0  startup_lpc17xx.o(.text)
    I2S_IRQHandler                           0x00000193   Thumb Code     0  startup_lpc17xx.o(.text)
    MCPWM_IRQHandler                         0x00000193   Thumb Code     0  startup_lpc17xx.o(.text)
    PLL0_IRQHandler                          0x00000193   Thumb Code     0  startup_lpc17xx.o(.text)
    PLL1_IRQHandler                          0x00000193   Thumb Code     0  startup_lpc17xx.o(.text)
    PWM1_IRQHandler                          0x00000193   Thumb Code     0  startup_lpc17xx.o(.text)
    QEI_IRQHandler                           0x00000193   Thumb Code     0  startup_lpc17xx.o(.text)
    RIT_IRQHandler                           0x00000193   Thumb Code     0  startup_lpc17xx.o(.text)
    RTC_IRQHandler                           0x00000193   Thumb Code     0  startup_lpc17xx.o(.text)
    SPI_IRQHandler                           0x00000193   Thumb Code     0  startup_lpc17xx.o(.text)
    SSP0_IRQHandler                          0x00000193   Thumb Code     0  startup_lpc17xx.o(.text)
    SSP1_IRQHandler                          0x00000193   Thumb Code     0  startup_lpc17xx.o(.text)
    TIMER0_IRQHandler                        0x00000193   Thumb Code     0  startup_lpc17xx.o(.text)
    TIMER1_IRQHandler                        0x00000193   Thumb Code     0  startup_lpc17xx.o(.text)
    TIMER2_IRQHandler                        0x00000193   Thumb Code     0  startup_lpc17xx.o(.text)
    TIMER3_IRQHandler                        0x00000193   Thumb Code     0  startup_lpc17xx.o(.text)
    UART0_IRQHandler                         0x00000193   Thumb Code     0  startup_lpc17xx.o(.text)
    UART1_IRQHandler                         0x00000193   Thumb Code     0  startup_lpc17xx.o(.text)
    UART2_IRQHandler                         0x00000193   Thumb Code     0  startup_lpc17xx.o(.text)
    UART3_IRQHandler                         0x00000193   Thumb Code     0  startup_lpc17xx.o(.text)
    USBActivity_IRQHandler                   0x00000193   Thumb Code     0  startup_lpc17xx.o(.text)
    USB_IRQHandler                           0x00000193   Thumb Code     0  startup_lpc17xx.o(.text)
    WDT_IRQHandler                           0x00000193   Thumb Code     0  startup_lpc17xx.o(.text)
    __user_initial_stackheap                 0x00000195   Thumb Code     0  startup_lpc17xx.o(.text)
    __2sprintf                               0x000001b5   Thumb Code    34  noretval__2sprintf.o(.text)
    __printf                                 0x000001dd   Thumb Code   104  __printf.o(.text)
    _printf_str                              0x00000245   Thumb Code    82  _printf_str.o(.text)
    __use_two_region_memory                  0x00000297   Thumb Code     2  heapauxi.o(.text)
    __rt_heap_escrow$2region                 0x00000299   Thumb Code     2  heapauxi.o(.text)
    __rt_heap_expand$2region                 0x0000029b   Thumb Code     2  heapauxi.o(.text)
    _printf_char_common                      0x000002a7   Thumb Code    32  _printf_char_common.o(.text)
    _sputc                                   0x000002cd   Thumb Code    10  _sputc.o(.text)
    exit                                     0x000002d7   Thumb Code    18  exit.o(.text)
    __user_libspace                          0x000002e9   Thumb Code     8  libspace.o(.text)
    __user_perproc_libspace                  0x000002e9   Thumb Code     0  libspace.o(.text)
    __user_perthread_libspace                0x000002e9   Thumb Code     0  libspace.o(.text)
    _sys_exit                                0x000002f1   Thumb Code     8  sys_exit.o(.text)
    _printf_int_dec                          0x00000301   Thumb Code   104  _printf_dec.o(.text)
    __aeabi_memcpy                           0x00000379   Thumb Code     0  rt_memcpy_v6.o(.text)
    __rt_memcpy                              0x00000379   Thumb Code   138  rt_memcpy_v6.o(.text)
    _memcpy_lastbytes                        0x000003df   Thumb Code     0  rt_memcpy_v6.o(.text)
    _printf_int_common                       0x00000403   Thumb Code   178  _printf_intcommon.o(.text)
    _printf_cs_common                        0x000004b5   Thumb Code    20  _printf_char.o(.text)
    _printf_char                             0x000004c9   Thumb Code    16  _printf_char.o(.text)
    _printf_string                           0x000004d9   Thumb Code     8  _printf_char.o(.text)
    __aeabi_memcpy4                          0x000004e1   Thumb Code     0  rt_memcpy_w.o(.text)
    __aeabi_memcpy8                          0x000004e1   Thumb Code     0  rt_memcpy_w.o(.text)
    __rt_memcpy_w                            0x000004e1   Thumb Code   100  rt_memcpy_w.o(.text)
    _memcpy_lastbytes_aligned                0x00000529   Thumb Code     0  rt_memcpy_w.o(.text)
    __user_setup_stackheap                   0x00000545   Thumb Code    74  sys_stackheap_outer.o(.text)
    __I$use$semihosting                      0x0000058f   Thumb Code     0  use_no_semi.o(.text)
    __use_no_semihosting_swi                 0x0000058f   Thumb Code     2  use_no_semi.o(.text)
    GetASCIICode                             0x00000591   Thumb Code    40  asciilib.o(i.GetASCIICode)
    __semihosting_library_function           0x00000591   Thumb Code     0  indicate_semi.o(.text)
    SysTick_Handler                          0x000005bd   Thumb Code    12  time.o(i.SysTick_Handler)
    SystemInit                               0x000005cd   Thumb Code   302  system_lpc17xx.o(i.SystemInit)
    convert_t                                0x0000070d   Thumb Code    36  1_wire.o(i.convert_t)
    convert_temp_dec                         0x00000731   Thumb Code    10  lcd.o(i.convert_temp_dec)
    convert_temp_float                       0x0000073b   Thumb Code     8  lcd.o(i.convert_temp_float)
    delay_ms                                 0x00000743   Thumb Code    30  lcd_ili9325.o(i.delay_ms)
    fill_bg                                  0x00000761   Thumb Code    34  lcd.o(i.fill_bg)
    get_sign                                 0x00000783   Thumb Code    18  lcd.o(i.get_sign)
    init                                     0x00000795   Thumb Code    16  main.o(i.init)
    init_ILI9325                             0x000007a5   Thumb Code   468  lcd_ili9325.o(i.init_ILI9325)
    init_gpio                                0x00000979   Thumb Code    10  1_wire.o(i.init_gpio)
    init_lcd                                 0x00000989   Thumb Code    12  lcd.o(i.init_lcd)
    init_sys_tick                            0x00000995   Thumb Code    80  time.o(i.init_sys_tick)
    lcdConfiguration                         0x000009f5   Thumb Code    36  open1768_lcd.o(i.lcdConfiguration)
    lcdSend                                  0x00000a1d   Thumb Code    40  open1768_lcd.o(i.lcdSend)
    lcdSetCursor                             0x00000a49   Thumb Code    24  open1768_lcd.o(i.lcdSetCursor)
    lcdWriteData                             0x00000a61   Thumb Code    50  open1768_lcd.o(i.lcdWriteData)
    lcdWriteIndex                            0x00000a99   Thumb Code    60  open1768_lcd.o(i.lcdWriteIndex)
    lcdWriteReg                              0x00000ad9   Thumb Code    20  open1768_lcd.o(i.lcdWriteReg)
    main                                     0x00000aed   Thumb Code    40  main.o(i.main)
    presence                                 0x00000b15   Thumb Code    24  1_wire.o(i.presence)
    print_char                               0x00000b31   Thumb Code    84  lcd.o(i.print_char)
    print_str                                0x00000b85   Thumb Code    56  lcd.o(i.print_str)
    print_temp                               0x00000bc1   Thumb Code    96  lcd.o(i.print_temp)
    read_bit                                 0x00000c2d   Thumb Code    68  1_wire.o(i.read_bit)
    read_scratchpad                          0x00000c75   Thumb Code    36  1_wire.o(i.read_scratchpad)
    read_temp                                0x00000c99   Thumb Code    84  1_wire.o(i.read_temp)
    reset                                    0x00000ced   Thumb Code    24  1_wire.o(i.reset)
    send0                                    0x00000d09   Thumb Code    40  1_wire.o(i.send0)
    send1                                    0x00000d35   Thumb Code    40  1_wire.o(i.send1)
    skip_rom                                 0x00000d61   Thumb Code    36  1_wire.o(i.skip_rom)
    sleep_ms                                 0x00000d85   Thumb Code    18  time.o(i.sleep_ms)
    sleep_us                                 0x00000d99   Thumb Code    18  time.o(i.sleep_us)
    wait_delay                               0x00000db1   Thumb Code    18  open1768_lcd.o(i.wait_delay)
    Region$$Table$$Base                      0x000019a4   Number         0  anon$$obj.o(Region$$Table)
    Region$$Table$$Limit                     0x000019d4   Number         0  anon$$obj.o(Region$$Table)
    padding                                  0x2007c000   Data           1  lcd.o(.data)
    msTicks                                  0x2007c004   Data           4  time.o(.data)
    SystemCoreClock                          0x2007c008   Data           4  system_lpc17xx.o(.data)
    __libspace_start                         0x2007c00c   Data          96  libspace.o(.bss)
    __temporary_stack_top$libspace           0x2007c06c   Data           0  libspace.o(.bss)



==============================================================================

Memory Map of the image

  Image Entry point : 0x000000cd

  Load Region LR_IROM1 (Base: 0x00000000, Size: 0x000019e0, Max: 0x00080000, ABSOLUTE)

    Execution Region ER_IROM1 (Exec base: 0x00000000, Load base: 0x00000000, Size: 0x000019d4, Max: 0x00080000, ABSOLUTE)

    Exec Addr    Load Addr    Size         Type   Attr      Idx    E Section Name        Object

    0x00000000   0x00000000   0x000000cc   Data   RO          692    RESET               startup_lpc17xx.o
    0x000000cc   0x000000cc   0x00000008   Code   RO          777  * !!!main             c_w.l(__main.o)
    0x000000d4   0x000000d4   0x00000034   Code   RO          957    !!!scatter          c_w.l(__scatter.o)
    0x00000108   0x00000108   0x0000001a   Code   RO          959    !!handler_copy      c_w.l(__scatter_copy.o)
    0x00000122   0x00000122   0x00000002   PAD
    0x00000124   0x00000124   0x0000001c   Code   RO          961    !!handler_zi        c_w.l(__scatter_zi.o)
    0x00000140   0x00000140   0x00000000   Code   RO          772    .ARM.Collect$$_printf_percent$$00000000  c_w.l(_printf_percent.o)
    0x00000140   0x00000140   0x00000006   Code   RO          771    .ARM.Collect$$_printf_percent$$00000009  c_w.l(_printf_d.o)
    0x00000146   0x00000146   0x00000006   Code   RO          770    .ARM.Collect$$_printf_percent$$00000013  c_w.l(_printf_c.o)
    0x0000014c   0x0000014c   0x00000004   Code   RO          792    .ARM.Collect$$_printf_percent$$00000017  c_w.l(_printf_percent_end.o)
    0x00000150   0x00000150   0x00000002   Code   RO          827    .ARM.Collect$$libinit$$00000000  c_w.l(libinit.o)
    0x00000152   0x00000152   0x00000000   Code   RO          840    .ARM.Collect$$libinit$$00000002  c_w.l(libinit2.o)
    0x00000152   0x00000152   0x00000000   Code   RO          842    .ARM.Collect$$libinit$$00000004  c_w.l(libinit2.o)
    0x00000152   0x00000152   0x00000000   Code   RO          845    .ARM.Collect$$libinit$$0000000A  c_w.l(libinit2.o)
    0x00000152   0x00000152   0x00000000   Code   RO          847    .ARM.Collect$$libinit$$0000000C  c_w.l(libinit2.o)
    0x00000152   0x00000152   0x00000000   Code   RO          849    .ARM.Collect$$libinit$$0000000E  c_w.l(libinit2.o)
    0x00000152   0x00000152   0x00000000   Code   RO          852    .ARM.Collect$$libinit$$00000011  c_w.l(libinit2.o)
    0x00000152   0x00000152   0x00000000   Code   RO          854    .ARM.Collect$$libinit$$00000013  c_w.l(libinit2.o)
    0x00000152   0x00000152   0x00000000   Code   RO          856    .ARM.Collect$$libinit$$00000015  c_w.l(libinit2.o)
    0x00000152   0x00000152   0x00000000   Code   RO          858    .ARM.Collect$$libinit$$00000017  c_w.l(libinit2.o)
    0x00000152   0x00000152   0x00000000   Code   RO          860    .ARM.Collect$$libinit$$00000019  c_w.l(libinit2.o)
    0x00000152   0x00000152   0x00000000   Code   RO          862    .ARM.Collect$$libinit$$0000001B  c_w.l(libinit2.o)
    0x00000152   0x00000152   0x00000000   Code   RO          864    .ARM.Collect$$libinit$$0000001D  c_w.l(libinit2.o)
    0x00000152   0x00000152   0x00000000   Code   RO          866    .ARM.Collect$$libinit$$0000001F  c_w.l(libinit2.o)
    0x00000152   0x00000152   0x00000000   Code   RO          868    .ARM.Collect$$libinit$$00000021  c_w.l(libinit2.o)
    0x00000152   0x00000152   0x00000000   Code   RO          870    .ARM.Collect$$libinit$$00000023  c_w.l(libinit2.o)
    0x00000152   0x00000152   0x00000000   Code   RO          872    .ARM.Collect$$libinit$$00000025  c_w.l(libinit2.o)
    0x00000152   0x00000152   0x00000000   Code   RO          876    .ARM.Collect$$libinit$$0000002C  c_w.l(libinit2.o)
    0x00000152   0x00000152   0x00000000   Code   RO          878    .ARM.Collect$$libinit$$0000002E  c_w.l(libinit2.o)
    0x00000152   0x00000152   0x00000000   Code   RO          880    .ARM.Collect$$libinit$$00000030  c_w.l(libinit2.o)
    0x00000152   0x00000152   0x00000000   Code   RO          882    .ARM.Collect$$libinit$$00000032  c_w.l(libinit2.o)
    0x00000152   0x00000152   0x00000002   Code   RO          883    .ARM.Collect$$libinit$$00000033  c_w.l(libinit2.o)
    0x00000154   0x00000154   0x00000002   Code   RO          914    .ARM.Collect$$libshutdown$$00000000  c_w.l(libshutdown.o)
    0x00000156   0x00000156   0x00000000   Code   RO          940    .ARM.Collect$$libshutdown$$00000002  c_w.l(libshutdown2.o)
    0x00000156   0x00000156   0x00000000   Code   RO          942    .ARM.Collect$$libshutdown$$00000004  c_w.l(libshutdown2.o)
    0x00000156   0x00000156   0x00000000   Code   RO          945    .ARM.Collect$$libshutdown$$00000007  c_w.l(libshutdown2.o)
    0x00000156   0x00000156   0x00000000   Code   RO          948    .ARM.Collect$$libshutdown$$0000000A  c_w.l(libshutdown2.o)
    0x00000156   0x00000156   0x00000000   Code   RO          950    .ARM.Collect$$libshutdown$$0000000C  c_w.l(libshutdown2.o)
    0x00000156   0x00000156   0x00000000   Code   RO          953    .ARM.Collect$$libshutdown$$0000000F  c_w.l(libshutdown2.o)
    0x00000156   0x00000156   0x00000002   Code   RO          954    .ARM.Collect$$libshutdown$$00000010  c_w.l(libshutdown2.o)
    0x00000158   0x00000158   0x00000000   Code   RO          779    .ARM.Collect$$rtentry$$00000000  c_w.l(__rtentry.o)
    0x00000158   0x00000158   0x00000000   Code   RO          796    .ARM.Collect$$rtentry$$00000002  c_w.l(__rtentry2.o)
    0x00000158   0x00000158   0x00000006   Code   RO          808    .ARM.Collect$$rtentry$$00000004  c_w.l(__rtentry4.o)
    0x0000015e   0x0000015e   0x00000000   Code   RO          798    .ARM.Collect$$rtentry$$00000009  c_w.l(__rtentry2.o)
    0x0000015e   0x0000015e   0x00000004   Code   RO          799    .ARM.Collect$$rtentry$$0000000A  c_w.l(__rtentry2.o)
    0x00000162   0x00000162   0x00000000   Code   RO          801    .ARM.Collect$$rtentry$$0000000C  c_w.l(__rtentry2.o)
    0x00000162   0x00000162   0x00000008   Code   RO          802    .ARM.Collect$$rtentry$$0000000D  c_w.l(__rtentry2.o)
    0x0000016a   0x0000016a   0x00000002   Code   RO          831    .ARM.Collect$$rtexit$$00000000  c_w.l(rtexit.o)
    0x0000016c   0x0000016c   0x00000000   Code   RO          887    .ARM.Collect$$rtexit$$00000002  c_w.l(rtexit2.o)
    0x0000016c   0x0000016c   0x00000004   Code   RO          888    .ARM.Collect$$rtexit$$00000003  c_w.l(rtexit2.o)
    0x00000170   0x00000170   0x00000006   Code   RO          889    .ARM.Collect$$rtexit$$00000004  c_w.l(rtexit2.o)
    0x00000176   0x00000176   0x00000002   PAD
    0x00000178   0x00000178   0x0000003c   Code   RO          694    .text               startup_lpc17xx.o
    0x000001b4   0x000001b4   0x00000028   Code   RO          742    .text               c_w.l(noretval__2sprintf.o)
    0x000001dc   0x000001dc   0x00000068   Code   RO          744    .text               c_w.l(__printf.o)
    0x00000244   0x00000244   0x00000052   Code   RO          746    .text               c_w.l(_printf_str.o)
    0x00000296   0x00000296   0x00000006   Code   RO          775    .text               c_w.l(heapauxi.o)
    0x0000029c   0x0000029c   0x00000030   Code   RO          786    .text               c_w.l(_printf_char_common.o)
    0x000002cc   0x000002cc   0x0000000a   Code   RO          788    .text               c_w.l(_sputc.o)
    0x000002d6   0x000002d6   0x00000012   Code   RO          816    .text               c_w.l(exit.o)
    0x000002e8   0x000002e8   0x00000008   Code   RO          828    .text               c_w.l(libspace.o)
    0x000002f0   0x000002f0   0x0000000c   Code   RO          884    .text               c_w.l(sys_exit.o)
    0x000002fc   0x000002fc   0x00000004   Code   RO          693    .ARM.__at_0x02FC    startup_lpc17xx.o
    0x00000300   0x00000300   0x00000078   Code   RO          748    .text               c_w.l(_printf_dec.o)
    0x00000378   0x00000378   0x0000008a   Code   RO          773    .text               c_w.l(rt_memcpy_v6.o)
    0x00000402   0x00000402   0x000000b2   Code   RO          784    .text               c_w.l(_printf_intcommon.o)
    0x000004b4   0x000004b4   0x0000002c   Code   RO          790    .text               c_w.l(_printf_char.o)
    0x000004e0   0x000004e0   0x00000064   Code   RO          793    .text               c_w.l(rt_memcpy_w.o)
    0x00000544   0x00000544   0x0000004a   Code   RO          814    .text               c_w.l(sys_stackheap_outer.o)
    0x0000058e   0x0000058e   0x00000002   Code   RO          903    .text               c_w.l(use_no_semi.o)
    0x00000590   0x00000590   0x00000000   Code   RO          905    .text               c_w.l(indicate_semi.o)
    0x00000590   0x00000590   0x0000002c   Code   RO          192    i.GetASCIICode      asciilib.o
    0x000005bc   0x000005bc   0x00000010   Code   RO          445    i.SysTick_Handler   time.o
    0x000005cc   0x000005cc   0x00000140   Code   RO          704    i.SystemInit        system_lpc17xx.o
    0x0000070c   0x0000070c   0x00000024   Code   RO          367    i.convert_t         1_wire.o
    0x00000730   0x00000730   0x0000000a   Code   RO          294    i.convert_temp_dec  lcd.o
    0x0000073a   0x0000073a   0x00000008   Code   RO          295    i.convert_temp_float  lcd.o
    0x00000742   0x00000742   0x0000001e   Code   RO          165    i.delay_ms          lcd_ili9325.o
    0x00000760   0x00000760   0x00000022   Code   RO          296    i.fill_bg           lcd.o
    0x00000782   0x00000782   0x00000012   Code   RO          297    i.get_sign          lcd.o
    0x00000794   0x00000794   0x00000010   Code   RO            4    i.init              main.o
    0x000007a4   0x000007a4   0x000001d4   Code   RO          166    i.init_ILI9325      lcd_ili9325.o
    0x00000978   0x00000978   0x00000010   Code   RO          368    i.init_gpio         1_wire.o
    0x00000988   0x00000988   0x0000000c   Code   RO          298    i.init_lcd          lcd.o
    0x00000994   0x00000994   0x00000060   Code   RO          446    i.init_sys_tick     time.o
    0x000009f4   0x000009f4   0x00000028   Code   RO           82    i.lcdConfiguration  open1768_lcd.o
    0x00000a1c   0x00000a1c   0x0000002c   Code   RO           86    i.lcdSend           open1768_lcd.o
    0x00000a48   0x00000a48   0x00000018   Code   RO           87    i.lcdSetCursor      open1768_lcd.o
    0x00000a60   0x00000a60   0x00000038   Code   RO           88    i.lcdWriteData      open1768_lcd.o
    0x00000a98   0x00000a98   0x00000040   Code   RO           89    i.lcdWriteIndex     open1768_lcd.o
    0x00000ad8   0x00000ad8   0x00000014   Code   RO           90    i.lcdWriteReg       open1768_lcd.o
    0x00000aec   0x00000aec   0x00000028   Code   RO            5    i.main              main.o
    0x00000b14   0x00000b14   0x0000001c   Code   RO          369    i.presence          1_wire.o
    0x00000b30   0x00000b30   0x00000054   Code   RO          299    i.print_char        lcd.o
    0x00000b84   0x00000b84   0x0000003c   Code   RO          300    i.print_str         lcd.o
    0x00000bc0   0x00000bc0   0x0000006c   Code   RO          301    i.print_temp        lcd.o
    0x00000c2c   0x00000c2c   0x00000048   Code   RO          370    i.read_bit          1_wire.o
    0x00000c74   0x00000c74   0x00000024   Code   RO          371    i.read_scratchpad   1_wire.o
    0x00000c98   0x00000c98   0x00000054   Code   RO          372    i.read_temp         1_wire.o
    0x00000cec   0x00000cec   0x0000001c   Code   RO          373    i.reset             1_wire.o
    0x00000d08   0x00000d08   0x0000002c   Code   RO          374    i.send0             1_wire.o
    0x00000d34   0x00000d34   0x0000002c   Code   RO          375    i.send1             1_wire.o
    0x00000d60   0x00000d60   0x00000024   Code   RO          376    i.skip_rom          1_wire.o
    0x00000d84   0x00000d84   0x00000012   Code   RO          447    i.sleep_ms          time.o
    0x00000d96   0x00000d96   0x00000002   PAD
    0x00000d98   0x00000d98   0x00000018   Code   RO          448    i.sleep_us          time.o
    0x00000db0   0x00000db0   0x00000012   Code   RO          148    i.wait_delay        open1768_lcd.o
    0x00000dc2   0x00000dc2   0x00000be0   Data   RO          193    .constdata          asciilib.o
    0x000019a2   0x000019a2   0x00000002   PAD
    0x000019a4   0x000019a4   0x00000030   Data   RO          955    Region$$Table       anon$$obj.o


    Execution Region RW_IRAM1 (Exec base: 0x10000000, Load base: 0x000019d4, Size: 0x00000200, Max: 0x00008000, ABSOLUTE)

    Exec Addr    Load Addr    Size         Type   Attr      Idx    E Section Name        Object

    0x10000000        -       0x00000200   Zero   RW          690    STACK               startup_lpc17xx.o


    Execution Region RW_IRAM2 (Exec base: 0x2007c000, Load base: 0x000019d4, Size: 0x00000070, Max: 0x00008000, ABSOLUTE)

    Exec Addr    Load Addr    Size         Type   Attr      Idx    E Section Name        Object

    0x2007c000   0x000019d4   0x00000001   Data   RW          302    .data               lcd.o
    0x2007c001   0x000019d5   0x00000003   PAD
    0x2007c004   0x000019d8   0x00000004   Data   RW          449    .data               time.o
    0x2007c008   0x000019dc   0x00000004   Data   RW          705    .data               system_lpc17xx.o
    0x2007c00c        -       0x00000060   Zero   RW          829    .bss                c_w.l(libspace.o)
    0x2007c06c   0x000019e0   0x00000004   PAD
    0x2007c070        -       0x00000000   Zero   RW          691    HEAP                startup_lpc17xx.o


==============================================================================

Image component sizes


      Code (inc. data)   RO Data    RW Data    ZI Data      Debug   Object Name

       424         26          0          0          0       5207   1_wire.o
        44          4       3040          0          0       1263   asciilib.o
       334         16          0          1          0       4912   lcd.o
       498          0          0          0          0       1170   lcd_ili9325.o
        56          0          0          0          0      22290   main.o
       266         18          0          0          0       3890   open1768_lcd.o
        64         26        204          0        512       1084   startup_lpc17xx.o
       320         18          0          4          0        891   system_lpc17xx.o
       154         26          0          4          0      29585   time.o

    ----------------------------------------------------------------------
      2162        134       3294         12        512      70292   Object Totals
         0          0         48          0          0          0   (incl. Generated)
         2          0          2          3          0          0   (incl. Padding)

    ----------------------------------------------------------------------

      Code (inc. data)   RO Data    RW Data    ZI Data      Debug   Library Member Name

         8          0          0          0          0         68   __main.o
       104          0          0          0          0         84   __printf.o
         0          0          0          0          0          0   __rtentry.o
        12          0          0          0          0          0   __rtentry2.o
         6          0          0          0          0          0   __rtentry4.o
        52          8          0          0          0          0   __scatter.o
        26          0          0          0          0          0   __scatter_copy.o
        28          0          0          0          0          0   __scatter_zi.o
         6          0          0          0          0          0   _printf_c.o
        44          0          0          0          0        108   _printf_char.o
        48          6          0          0          0         96   _printf_char_common.o
         6          0          0          0          0          0   _printf_d.o
       120         16          0          0          0         92   _printf_dec.o
       178          0          0          0          0         88   _printf_intcommon.o
         0          0          0          0          0          0   _printf_percent.o
         4          0          0          0          0          0   _printf_percent_end.o
        82          0          0          0          0         80   _printf_str.o
        10          0          0          0          0         68   _sputc.o
        18          0          0          0          0         80   exit.o
         6          0          0          0          0        152   heapauxi.o
         0          0          0          0          0          0   indicate_semi.o
         2          0          0          0          0          0   libinit.o
         2          0          0          0          0          0   libinit2.o
         2          0          0          0          0          0   libshutdown.o
         2          0          0          0          0          0   libshutdown2.o
         8          4          0          0         96         68   libspace.o
        40          6          0          0          0         84   noretval__2sprintf.o
       138          0          0          0          0         68   rt_memcpy_v6.o
       100          0          0          0          0         80   rt_memcpy_w.o
         2          0          0          0          0          0   rtexit.o
        10          0          0          0          0          0   rtexit2.o
        12          4          0          0          0         68   sys_exit.o
        74          0          0          0          0         80   sys_stackheap_outer.o
         2          0          0          0          0         68   use_no_semi.o

    ----------------------------------------------------------------------
      1156         44          0          0        100       1432   Library Totals
         4          0          0          0          4          0   (incl. Padding)

    ----------------------------------------------------------------------

      Code (inc. data)   RO Data    RW Data    ZI Data      Debug   Library Name

      1152         44          0          0         96       1432   c_w.l

    ----------------------------------------------------------------------
      1156         44          0          0        100       1432   Library Totals

    ----------------------------------------------------------------------

==============================================================================


      Code (inc. data)   RO Data    RW Data    ZI Data      Debug   

      3318        178       3294         12        612      69380   Grand Totals
      3318        178       3294         12        612      69380   ELF Image Totals
      3318        178       3294         12          0          0   ROM Totals

==============================================================================

    Total RO  Size (Code + RO Data)                 6612 (   6.46kB)
    Total RW  Size (RW Data + ZI Data)               624 (   0.61kB)
    Total ROM Size (Code + RO Data + RW Data)       6624 (   6.47kB)

==============================================================================

